[
"vultr_bare_metal_server",
"vultr_block_storage",
"vultr_container_registry",
"vultr_database",
"vultr_database_connection_pool",
"vultr_database_connector",
"vultr_database_db",
"vultr_database_quota",
"vultr_database_replica",
"vultr_database_topic",
"vultr_database_user",
"vultr_dns_domain",
"vultr_dns_record",
"vultr_firewall_group",
"vultr_firewall_rule",
"vultr_inference",
"vultr_instance",
"vultr_instance_ipv4",
"vultr_iso_private",
"vultr_kubernetes",
"vultr_kubernetes_node_pools",
"vultr_load_balancer",
"vultr_nat_gateway",
"vultr_nat_gateway_firewall_rule",
"vultr_nat_gateway_port_forwarding_rule",
"vultr_object_storage",
"vultr_object_storage_bucket",
"vultr_oidc_issuer",
"vultr_oidc_provider",
"vultr_oidc_token",
"vultr_organization",
"vultr_organization_group",
"vultr_organization_invitation",
"vultr_organization_policy",
"vultr_organization_policy_group_attachment",
"vultr_organization_policy_user_attachment",
"vultr_organization_role",
"vultr_organization_role_group_attachment",
"vultr_organization_role_policy_attachment",
"vultr_organization_role_session",
"vultr_organization_role_trust",
"vultr_reserved_ip",
"vultr_reverse_ipv4",
"vultr_reverse_ipv6",
"vultr_snapshot",
"vultr_snapshot_from_url",
"vultr_ssh_key",
"vultr_startup_script",
"vultr_user",
"vultr_virtual_file_system_storage",
"vultr_vpc"
]